{
    "EMPTY": "",
    "A": "a",
    "B": "not#a_comment",
    "C": "c",
    "D": "not#a_comment",
    "E": "e",
    "F": "not#a_comment"
}