{
    "A": "ab",
    "B": "a  b",
    "C": "a'b",
    "D": "ab",
    "E": "abcd"
}