{
    "A": "a",
    "B": "a'b",
    "C": "c",
    "D": "a\"b",
    "E": "a\"b",
    "F": "a\nb",
    "G": "a\rb",
    "H": "a\\nb",
    "I": "a\\rb",
    "J": "a\nb",
    "K": "c:\\",
    "L": "c:\\"
}