{
    "FOO": "foo",
    "A": "a\\b",
    "B": "a\\b",
    "C": "a\\b",
    "D": "a\\\\b",
    "E": "a\\b",
    "F": "a\\b",
    "G": "a$FOO",
    "H": "a$FOO",
    "I": "a\\$FOO",
    "J": "a\\foo",
    "K": "a\\foo",
    "L": "a\\\\$FOO"
}