{
  "FOO": "foo",
  "A": "foo",
  "B": "foo",
  "C": "$FOO",
  "D": "foobar",
  "E": "foobar",
  "F": "${FOO}bar",
  "G": "foo}bar",
  "H": "foo}bar",
  "I": "$FOO}bar",
  "J": "$FOO",
  "K": "$FOO",
  "L": "\\$FOO",
  "M": "${FOO]",
  "N": "${FOO}",
  "O": "\\${FOO}",
  "P1": "$~",
  "P2": "${666}",
  "Q1": "f\\no",
  "Q2": "f\no"
}
