[
  {
    "key": "DOUBLE_QUOTED",
    "value": "foo $bar $ $'foo' \" baz"
  },
  {
    "key": "D_ESCAPED",
    "value": "A\n\r\tB\\C\\X"
  },
  {
    "key": "EMPTY",
    "value": ""
  },
  {
    "key": "FOO",
    "value": "foo"
  },
  {
    "key": "SINGLE_QUOTED",
    "value": "foo $bar \\' baz"
  },
  {
    "key": "S_ESCAPED",
    "value": "A\\n\\r\\tB\\\\C"
  },
  {
    "key": "UNQUOTED",
    "value": "foo bar=baz $\"a\"$'b'"
  },
  {
    "key": "U_ESCAPED",
    "value": "a\\b\\"
  }
]
