[
  {
    "key": "COMMENT",
    "value": "notacomment"
  },
  {
    "key": "DQ_COMMENT",
    "value": "foo"
  },
  {
    "key": "NOT_COMMENT",
    "value": "foo# not a comment"
  },
  {
    "key": "QUOTE_COMMENT",
    "value": "foo"
  }
]
