[
  {
    "key": "D_MULTILINE",
    "value": "foo\nbar"
  },
  {
    "key": "SAME_LINE",
    "value": "one"
  },
  {
    "key": "SAME_LINE_2",
    "value": "two"
  },
  {
    "key": "SAME_LINE_3",
    "value": "three SAME_LINE_4='four'"
  },
  {
    "key": "S_MULTILINE",
    "value": "foo\nbar"
  },
  {
    "key": "WS_AROUND",
    "value": "ws is stripped"
  }
]
