[
  {
    "key": "EXP_1",
    "value": "exported"
  },
  {
    "key": "EXP_2",
    "value": "exported 2"
  },
  {
    "key": "EXP_3",
    "value": "whitespace at start"
  }
]
