[
  {
    "key": "a",
    "value": "1"
  },
  {
    "key": "b",
    "value": "1"
  },
  {
    "key": "c",
    "value": "b"
  },
  {
    "key": "d",
    "value": "42"
  },
  {
    "key": "f",
    "value": "'g'1\"h\""
  },
  {
    "key": "g",
    "value": "h1'i'"
  },
  {
    "key": "h",
    "value": "\\1"
  },
  {
    "key": "i0",
    "value": "$~"
  },
  {
    "key": "i1",
    "value": "$~"
  },
  {
    "key": "k0",
    "value": "$0"
  },
  {
    "key": "k1",
    "value": "$(pwd)"
  }
]
